// Vitest Snapshot v1, https://vitest.dev/guide/snapshot.html

exports[`FloatingQuestionPanel > chip rows snapshot matches expected chip count and labels 1`] = `
<div
  class="flex flex-wrap gap-1.5 px-3 pt-2 pb-0"
  data-testid="fqp-chips-row"
>
  <button
    class="rounded-full px-3 py-1 text-xs font-medium bg-secondary/40 text-secondary-foreground border border-border/60 hover:bg-secondary hover:border-border focus-visible:outline focus-visible:outline-2 focus-visible:outline-primary transition-colors duration-150"
    data-testid="fqp-chip"
    type="button"
  >
    네
  </button>
  <button
    class="rounded-full px-3 py-1 text-xs font-medium bg-secondary/40 text-secondary-foreground border border-border/60 hover:bg-secondary hover:border-border focus-visible:outline focus-visible:outline-2 focus-visible:outline-primary transition-colors duration-150"
    data-testid="fqp-chip"
    type="button"
  >
    아니오
  </button>
  <button
    class="rounded-full px-3 py-1 text-xs font-medium bg-secondary/40 text-secondary-foreground border border-border/60 hover:bg-secondary hover:border-border focus-visible:outline focus-visible:outline-2 focus-visible:outline-primary transition-colors duration-150"
    data-testid="fqp-chip"
    type="button"
  >
    잘 모르겠어요
  </button>
</div>
`;

exports[`FloatingQuestionPanel > matches snapshot with a single question 1`] = `
<div
  class="pointer-events-none absolute inset-x-0 z-40 px-4 fqp-root-top"
  data-testid="floating-question-panel"
>
  <div
    aria-label="질문 대기열"
    aria-labelledby="_r_b_"
    aria-live="polite"
    class="pointer-events-auto mx-auto w-full max-w-2xl"
    role="region"
    tabindex="-1"
  >
    <span
      class="sr-only"
      id="_r_b_"
    >
      에이전트 질문 
      1
      개
    </span>
    <div
      class="flex flex-col gap-2"
    >
      <div
        class="fqp-slot-enter-top"
        data-testid="fqp-slot"
      >
        <div
          class="relative"
        >
          <div
            class="fqp-card-shell rounded-xl shadow-2xl ring-1 ring-primary/20 backdrop-blur-sm"
          >
            <div
              class="flex items-center justify-between gap-2 rounded-t-xl border-b border-border/60 bg-primary/10 px-3 py-1.5"
            >
              <span
                class="text-[11px] font-medium tracking-wide text-primary/80 uppercase"
                data-testid="fqp-header-label"
              >
                에이전트 질문
              </span>
              <button
                aria-label="질문 닫기"
                class="rounded p-0.5 text-muted-foreground hover:bg-muted/60 hover:text-foreground focus-visible:outline focus-visible:outline-2 focus-visible:outline-primary"
                data-testid="fqp-close"
                type="button"
              >
                <svg
                  aria-hidden="true"
                  class="lucide lucide-x h-3.5 w-3.5"
                  fill="none"
                  height="24"
                  stroke="currentColor"
                  stroke-linecap="round"
                  stroke-linejoin="round"
                  stroke-width="2"
                  viewBox="0 0 24 24"
                  width="24"
                  xmlns="http://www.w3.org/2000/svg"
                >
                  <path
                    d="M18 6 6 18"
                  />
                  <path
                    d="m6 6 12 12"
                  />
                </svg>
              </button>
            </div>
            <div
              class="px-0"
            >
              <div
                class="rounded-lg bg-card text-card-foreground shadow-sm w-full border"
                data-testid="ask-user-question-card"
              >
                <div
                  class="space-y-1.5 p-6 flex flex-row items-center justify-between gap-2 pb-2"
                >
                  <h3
                    class="font-semibold tracking-tight text-sm"
                  >
                    ❓ 질문
                  </h3>
                </div>
                <div
                  class="p-6 pt-0 space-y-3"
                >
                  <div
                    class="whitespace-pre-wrap text-sm"
                    data-testid="fqp-question-text"
                  >
                    계속 진행할까요?
                  </div>
                  <div
                    class="flex flex-wrap gap-2"
                  >
                    <button
                      class="inline-flex items-center justify-center whitespace-nowrap font-medium transition-colors focus-visible:outline-none focus-visible:ring-2 focus-visible:ring-ring focus-visible:ring-offset-2 focus-visible:ring-offset-background disabled:pointer-events-none disabled:opacity-50 border border-input bg-background hover:bg-accent hover:text-accent-foreground h-8 rounded-md px-3 text-xs"
                    >
                      예
                    </button>
                    <button
                      class="inline-flex items-center justify-center whitespace-nowrap font-medium transition-colors focus-visible:outline-none focus-visible:ring-2 focus-visible:ring-ring focus-visible:ring-offset-2 focus-visible:ring-offset-background disabled:pointer-events-none disabled:opacity-50 border border-input bg-background hover:bg-accent hover:text-accent-foreground h-8 rounded-md px-3 text-xs"
                    >
                      아니오
                    </button>
                  </div>
                  <div
                    class="flex items-center justify-between gap-2"
                  >
                    <button
                      class="inline-flex items-center justify-center whitespace-nowrap font-medium transition-colors focus-visible:outline-none focus-visible:ring-2 focus-visible:ring-ring focus-visible:ring-offset-2 focus-visible:ring-offset-background disabled:pointer-events-none disabled:opacity-50 hover:bg-accent hover:text-accent-foreground h-8 rounded-md px-3 text-xs"
                    >
                      건너뛰기
                    </button>
                    <div
                      class="flex items-center gap-2"
                    />
                  </div>
                </div>
              </div>
            </div>
          </div>
        </div>
      </div>
    </div>
  </div>
</div>
`;
